// Jest Snapshot v1, https://goo.gl/fbAQLP

exports[`renders without crashing 1`] = `
<div
  id="article-text-content"
  style={
    Object {
      "paddingBottom": "70px",
    }
  }
/>
`;
