// Jest Snapshot v1, https://goo.gl/fbAQLP

exports[`Relation renders without crashing 1`] = `null`;
